// Jest Snapshot v1, https://goo.gl/fbAQLP

exports[`<App /> should render as expected 1`] = `
Array [
  .c0 {
  position: absolute;
  top: 0;
  left: 0;
}

<video
    autoplay=""
    class="c0"
    height="768"
    playsinline=""
    width="1024"
  />,
  .c0 {
  position: absolute;
  right: 1rem;
}

<button
    class="c0"
  >
    switch camera
  </button>,
]
`;
